200
Content-Length: 408
Content-type: text/html; charset= UTF-8

<!DOCTYPE html>

<html>
  <head>
    <title>2022</title>
  </head>
  <body>
    <p>
小川 治兵衛     (<a href="/members/logout">log out</a>)
     <br /><a href="/">home</a>
    </p>

    <h1>2022</h1>



<h2>A Test Section Title</h2>
    <p><img height="300px" src="/static/img1.png" alt="img1">

    <p><a href="/photo-diary/123/0/add-image"><button type="button">+ img</button></a>

  </body>
</html>

