200
Content-Length: 817
Content-type: text/html; charset= UTF-8

<!DOCTYPE html>

<html>
  <head>
    <title>Create a new photo diary</title>
  </head>
  <body>
    <p>
小川 治兵衛     (<a href="/members/logout">log out</a>)
     <br /><a href="/">home</a>
     <br /><a href="http://example.com/suggestions">suggestions</a>
    </p>

    <h1>Create a new photo diary</h1>


<p style="color: red">Please enter a year.</p>

<form action="/photo-diary/create" method="post">

<p>
<label for="year">Year to create diary for:</label><br>
<input id="year" type="text" name="year" required autofocus/>

<p>
<label for="name">Name of diary (optional):</label><br>
<input id="name" type="text" name="name" value="foobar" /><br>

<p>
<input type="submit" value="Create new photo diary" />

<input type="hidden" name="command" value="create_photo_diary" />

</form>


  </body>
</html>

