200
Content-Length: 608
Content-type: text/html; charset= UTF-8

<!DOCTYPE html>

<html>
  <head>
    <meta http-equiv="Content-Type" content="text/html; charset=utf-8" />
    <title>Member Dashboard</title>
    <meta name="viewport" content="width=device-width, initial-scale=1">
  </head>
  <body>
    <p>
小川 治兵衛     (<a href="/members/logout">log out</a>)
     <br /><a href="/">home</a>
    </p>

    <h1>Member Dashboard</h1>


<p>小川 治兵衛 has been a member since January 15, 2022.</p>

<h2>Articles</h2>
<ol>
  <li><a href="/photo-diary/123">2022</a></li>
</ol>
<a href="/photo-diary/create">Create a photo diary for a year.</a>

  </body>
</html>

