200
Content-Length: 468
Content-type: text/html; charset= UTF-8

<!DOCTYPE html>

<html>
  <head>
    <meta http-equiv="Content-Type" content="text/html; charset=utf-8" />
    <title>My New Website</title>
    <meta name="viewport" content="width=device-width, initial-scale=1">
  </head>
  <body>
    <p>
小川 治兵衛     (<a href="/members/logout">log out</a>)
     <br /><a href="/">home</a>
    </p>

    <h1>My New Website</h1>


<p><a href="/members/123">Dashboard</a></p>

<p>An on-line community.</p>

  </body>
</html>

