200
Content-Length: 389
Content-type: text/html; charset= UTF-8

<!DOCTYPE html>

<html>
  <head>
    <title>My New Website</title>
  </head>
  <body>
    <p>
小川 治兵衛     (<a href="/members/logout">log out</a>)
     <br /><a href="/">home</a>
     <br /><a href="http://example.com/suggestions">suggestions</a>
    </p>

    <h1>My New Website</h1>


<p><a href="/members/123">Dashboard</a></p>

<p>An on-line community.</p>

  </body>
</html>

